app/admin/analytics/page.tsx(24,18): error TS2339: Property 'google' does not exist on type 'Window & typeof globalThis'.
app/admin/analytics/page.tsx(25,16): error TS2339: Property 'google' does not exist on type 'Window & typeof globalThis'.
app/admin/analytics/page.tsx(26,16): error TS2339: Property 'google' does not exist on type 'Window & typeof globalThis'.
app/admin/analytics/page.tsx(70,31): error TS2339: Property 'google' does not exist on type 'Window & typeof globalThis'.
app/admin/analytics/page.tsx(91,50): error TS2339: Property 'google' does not exist on type 'Window & typeof globalThis'.
app/admin/announcements/page.tsx(38,25): error TS2339: Property 'postedAt' does not exist on type '{ id: string; }'.
app/admin/announcements/page.tsx(39,25): error TS2339: Property 'postedAt' does not exist on type '{ id: string; }'.
app/admin/announcements/page.tsx(40,15): error TS2339: Property 'isPinned' does not exist on type '{ id: string; }'.
app/admin/announcements/page.tsx(40,30): error TS2339: Property 'isPinned' does not exist on type '{ id: string; }'.
app/admin/announcements/page.tsx(40,49): error TS2339: Property 'isPinned' does not exist on type '{ id: string; }'.
app/admin/events/page.tsx(30,25): error TS2339: Property 'date' does not exist on type '{ id: string; }'.
app/admin/events/page.tsx(30,55): error TS2339: Property 'date' does not exist on type '{ id: string; }'.
app/admin/events/page.tsx(30,84): error TS2339: Property 'date' does not exist on type '{ id: string; }'.
app/admin/events/page.tsx(31,25): error TS2339: Property 'date' does not exist on type '{ id: string; }'.
app/admin/events/page.tsx(31,55): error TS2339: Property 'date' does not exist on type '{ id: string; }'.
app/admin/events/page.tsx(31,84): error TS2339: Property 'date' does not exist on type '{ id: string; }'.
